// Jest Snapshot v1, https://goo.gl/fbAQLP

exports[`MainContainer after locale is changed should match snapshot 1`] = `
Array [
  <div
    className="container-fluid"
>
    <div
        className="row header"
    >
        <div
            className="col-3"
        >
            <a
                href="/"
                onClick={[Function]}
            >
                <span>
                    Start
                </span>
            </a>
        </div>
        <div
            className="col-9 text-right"
        >
            <a
                className="localeChangeButton"
                onClick={[Function]}
            >
                EN
            </a>
            <a
                className="localeChangeButton"
                onClick={[Function]}
            >
                PL
            </a>
        </div>
    </div>
    <div
        className="row"
    >
        <div
            className="col-12 col-sm col-md-5"
        >
            <a
                className="modeSelectorTile text-center border border-dark rounded d-inline-flex flex-column"
                href="/character"
                onClick={[Function]}
            >
                <div>
                    <img
                        alt=""
                        src="create-character.png"
                    />
                </div>
                <div>
                    <span>
                        <span>
                            Stwórz postać
                        </span>
                    </span>
                </div>
            </a>
        </div>
        <div
            className="col-12 col-sm offset-md-2 col-md-5 text-right"
        >
            <a
                className="modeSelectorTile text-center border border-dark rounded d-inline-flex flex-column"
                href="/character/open"
                onClick={[Function]}
            >
                <div>
                    <img
                        alt=""
                        src="edit-character.png"
                    />
                </div>
                <div>
                    <span>
                        <span>
                            Wykorzystaj istniejącą postać
                        </span>
                    </span>
                </div>
            </a>
        </div>
    </div>
</div>,
  ";",
]
`;

exports[`MainContainer should match previous snapshot 1`] = `
Array [
  <div
    className="container-fluid"
>
    <div
        className="row header"
    >
        <div
            className="col-3"
        >
            <a
                href="/"
                onClick={[Function]}
            >
                <span>
                    Start
                </span>
            </a>
        </div>
        <div
            className="col-9 text-right"
        >
            <a
                className="localeChangeButton"
                onClick={[Function]}
            >
                EN
            </a>
            <a
                className="localeChangeButton"
                onClick={[Function]}
            >
                PL
            </a>
        </div>
    </div>
    <div
        className="row"
    >
        <div
            className="col-12 col-sm col-md-5"
        >
            <a
                className="modeSelectorTile text-center border border-dark rounded d-inline-flex flex-column"
                href="/character"
                onClick={[Function]}
            >
                <div>
                    <img
                        alt=""
                        src="create-character.png"
                    />
                </div>
                <div>
                    <span>
                        <span>
                            Stwórz postać
                        </span>
                    </span>
                </div>
            </a>
        </div>
        <div
            className="col-12 col-sm offset-md-2 col-md-5 text-right"
        >
            <a
                className="modeSelectorTile text-center border border-dark rounded d-inline-flex flex-column"
                href="/character/open"
                onClick={[Function]}
            >
                <div>
                    <img
                        alt=""
                        src="edit-character.png"
                    />
                </div>
                <div>
                    <span>
                        <span>
                            Wykorzystaj istniejącą postać
                        </span>
                    </span>
                </div>
            </a>
        </div>
    </div>
</div>,
  ";",
]
`;
